
> carhakiki-app@0.1.0 build
> next build

node.exe : ΓÜá Warning: 
Next.js inferred your 
workspace root, but it may 
not be correct.
At D:\npm.ps1:29 char:3
+   & $NODE_EXE 
$NPM_CLI_JS $args
+   ~~~~~~~~~~~~~~~~~~~~~~~
~~~~~~
    + CategoryInfo         
     : NotSpecified: (ΓÜá  
   Warning: Ne...not be    
 correct.:String) [], R    
emoteException
    + FullyQualifiedErrorI 
   d : NativeCommandError
 
 We detected multiple 
lockfiles and selected the 
directory of D:\websites\pa
ckage-lock.json as the 
root directory.
 To silence this warning, 
set `turbopack.root` in 
your Next.js config, or 
consider removing one of 
the lockfiles if it's not 
needed.
   See https://nextjs.org/d
ocs/app/api-reference/confi
g/next-config-js/turbopack#
root-directory for more 
information.
 Detected additional 
lockfiles: 
   * D:\websites\Hakiki\hak
iki-app\package-lock.json

Γû▓ Next.js 16.2.0 (Turbopack)
- Environments: .env.local

  Creating an optimized production build ...
Γ£ô Compiled successfully in 19.0s
  Running TypeScript ...
  Finished TypeScript in 16.5s ...
  Collecting page data using 7 workers ...
  Generating static pages using 7 workers (0/32) ...
  Generating static pages using 7 workers (8/32) 
  Generating static pages using 7 workers (16/32) 
  Generating static pages using 7 workers (24/32) 
Γ£ô Generating static pages using 7 workers (32/32) in 2.6s
  Finalizing page optimization ...

Route (app)
Γöî Γùï /
Γö£ Γùï /_not-found
Γö£ Γùï /about
Γö£ ╞Æ /api/payment/callback
Γö£ ╞Æ /api/payment/initiate
Γö£ ╞Æ /api/report/[id]
Γö£ ╞Æ /api/report/generate
Γö£ ╞Æ /api/vin-precheck
Γö£ Γùï /blog
Γö£ ╞Æ /blog/[slug]
Γö£ Γùï /business
Γö£ ╞Æ /business/[slug]
Γö£ Γùï /business/affiliate
Γö£ Γùï /business/api-integration
Γö£ Γùï /business/b2b-pricing
Γö£ Γùï /business/dealerships
Γö£ Γùï /business/influencers
Γö£ Γùï /business/insurance
Γö£ Γùï /business/leasing
Γö£ ╞Æ /company/[slug]
Γö£ Γùï /company/careers
Γö£ Γùï /company/press
Γö£ Γùï /contact
Γö£ Γùï /dashboard
Γö£ Γùï /help
Γö£ Γùï /no-vin
Γö£ Γùï /policies
Γö£ Γùï /pricing
Γö£ Γùï /refund-policy
Γö£ ╞Æ /report/[id]
Γö£ Γùï /report/demo
Γö£ Γùï /report/preview
Γö£ Γùï /sample-report
Γö£ Γùï /sitemap.xml
Γöö Γùï /terms-and-conditions


Γùï  (Static)   prerendered as static content
╞Æ  (Dynamic)  server-rendered on demand

